<agent xmlns:xsi="http://www.w3.org/2001/XMLSchema-instance" xmlns:xsd="http://www.w3.org/2001/XMLSchema" id="A-1" xmlns="http://gedcomx.org/v1/">
  <email resource="mailto:example@example.org" />
  <name>Jane Doe</name>
</agent>